Starting power monitor at IO start: /home/zhong.zheng/agentic-runs/ptychi_smoke_20260814_01/results/runs/smoke-0001/power.csv
Dataset: /home/zhong.zheng/agentic-runs/ptychi_smoke_20260814_01/datasets/smoke/dataset
Diffraction: /home/zhong.zheng/agentic-runs/ptychi_smoke_20260814_01/datasets/smoke/dataset_ptychodus_dp.hdf5
Parameters:  /home/zhong.zheng/agentic-runs/ptychi_smoke_20260814_01/datasets/smoke/dataset_ptychodus_para.hdf5
data shape: (16, 32, 32), dtype: float32
probe shape: (1, 1, 32, 32), dtype: torch.complex64
position y range px: -12.000 to 12.000
position x range px: -12.000 to 12.000
pixel_size_m: 1e-08
power_monitor_to_io_start_s: 0.000578
io_load_time_s: 0.343188
object initial shape: (1, 121, 121)
setup_time_s: 0.005126
task_setup_time_s: 0.121668
reconstruction_run_time_s: 0.504189
save_time_s: 0.000000
total_time_s: 0.974926
Skipped reconstruction save.

/home/zhong.zheng/.conda/envs/ptychopinn_torch_arm/lib/python3.10/site-packages/torch/utils/_device.py:122: UserWarning: Converting a tensor with requires_grad=True to a scalar may lead to unexpected behavior.
Consider using tensor.detach() first. (Triggered internally at /pytorch/torch/csrc/autograd/generated/python_variable_methods.cpp:838.)
  return func(*args, **kwargs)
